Build commands will be stored in build2\compile_commands.json
Waf: Entering directory `C:\libdragon-dev\examples\hlport\xash3d-fwgs\build2'
Waf: Leaving directory `C:\libdragon-dev\examples\hlport\xash3d-fwgs\build2'
'build' finished successfully (0.494s)
